splat-transform v3.4.2 (0cb47cd)
▸ [1/1] Output null
{
    "format": "ply",
    "gaussian": true,
    "numGaussians": 150000,
    "numLods": 1,
    "lodCounts": [150000],
    "shBands": 0,
    "model": "default",
    "layers": ["position", "geometric", "color", "other"],
    "extraColumns": [
        {
            "name": "nx",
            "type": "float32"
        },
        {
            "name": "ny",
            "type": "float32"
        },
        {
            "name": "nz",
            "type": "float32"
        }
    ],
    "stats": [
        {
            "lod": 0,
            "numGaussians": 150000,
            "columns": ["x", "y", "z", "rot_0", "rot_1", "rot_2", "rot_3", "scale_0", "scale_1", "scale_2", "opacity", "f_dc_0", "f_dc_1", "f_dc_2", "nx", "ny", "nz"],
            "data": {
                "min": [-3.998906, 0.000501, 0.000205, 0.000032, -0.999998, -0.999999, 0, 0.0237607, 0.0237607, 0.003, 0.95, 0.031741, 0.0199765, -4.20588e-8, 0, 0, 0],
                "max": [3.998163, 2.799981, 5.999411, 1, 0.999995, 0.999974, 0, 0.0237607, 0.0237607, 0.003, 0.95, 0.849613, 0.79079, 0.763338, 0, 0, 0],
                "median": [-0.005083, 1.450166, 3.077347, 0.708607, 0.000273, -0.00044, 0, 0.0237607, 0.0237607, 0.003, 0.95, 0.514375, 0.456425, 0.407725, 0, 0, 0],
                "mean": [-0.006352, 1.401674, 3.067032, 0.666055, 0.005892, 0.003241, 0, 0.0237607, 0.0237607, 0.003, 0.95, 0.513593, 0.458306, 0.408793, 0, 0, 0],
                "stdDev": [2.691631, 1.108672, 2.070317, 0.255429, 0.585835, 0.384552, 0, 1, 1, 1, 0.5, 0.60666, 0.597159, 0.597706, 0, 0, 0],
                "nanCount": [0, 0, 0, 0, 0, 0, 0, 0, 0, 0, 0, 0, 0, 0, 0, 0, 0],
                "infCount": [0, 0, 0, 0, 0, 0, 0, 0, 0, 0, 0, 0, 0, 0, 0, 0, 0],
                "histogram": [
                    [22067, 7452, 7453, 8378, 7934, 7414, 7772, 6556, 6938, 7297, 7650, 8190, 8046, 7636, 7729, 21488],
                    [42612, 4108, 4123, 4052, 5405, 4540, 4294, 4571, 4332, 4448, 4793, 4182, 4038, 4119, 5232, 45151],
                    [23585, 6783, 6963, 7217, 7179, 7456, 7513, 6804, 6955, 6910, 6766, 7472, 7283, 6966, 6819, 27329],
                    [15894, 653, 307, 237, 222, 219, 210, 169, 234, 429, 1775, 107859, 1265, 469, 374, 19684],
                    [3085, 1177, 42446, 880, 915, 909, 1137, 14857, 33423, 1167, 842, 876, 933, 41767, 1514, 4072],
                    [2775, 894, 14248, 1082, 774, 924, 1090, 60172, 45388, 1134, 1153, 994, 1163, 13843, 1265, 3101],
                    [0, 0, 0, 0, 0, 0, 0, 0, 150000, 0, 0, 0, 0, 0, 0, 0],
                    [0, 0, 0, 0, 0, 0, 0, 0, 150000, 0, 0, 0, 0, 0, 0, 0],
                    [0, 0, 0, 0, 0, 0, 0, 0, 150000, 0, 0, 0, 0, 0, 0, 0],
                    [0, 0, 0, 0, 0, 0, 0, 0, 150000, 0, 0, 0, 0, 0, 0, 0],
                    [0, 0, 0, 0, 0, 0, 0, 0, 150000, 0, 0, 0, 0, 0, 0, 0],
                    [10, 84, 1654, 2497, 3835, 3017, 3078, 10909, 33146, 32252, 20253, 26662, 11925, 607, 63, 8],
                    [14, 51, 299, 1946, 4797, 4482, 6025, 22490, 32670, 23407, 22555, 24677, 6225, 315, 42, 5],
                    [41, 167, 702, 2929, 4801, 6107, 16770, 29529, 23479, 20841, 26020, 16402, 2066, 131, 11, 4],
                    [0, 0, 0, 0, 0, 0, 0, 0, 150000, 0, 0, 0, 0, 0, 0, 0],
                    [0, 0, 0, 0, 0, 0, 0, 0, 150000, 0, 0, 0, 0, 0, 0, 0],
                    [0, 0, 0, 0, 0, 0, 0, 0, 150000, 0, 0, 0, 0, 0, 0, 0]
                ]
            },
            "fillRatio": 9.404064
        }
    ]
}
  · 150K gaussians · 0 SH bands
done in 0.069s  [peak cpu=101.5MB]
